2026-07-01 01:25:48 - INFO - 开始从Redis批量拉取任务
2026-07-01 01:25:50 - INFO - 成功拉取 200000 条任务
2026-07-01 01:25:50 - INFO - 容器内存使用 [拉取任务后]: 357.66 MB
2026-07-01 01:28:41 - INFO - 容器内存使用 [计算完成后]: 1925.59 MB (Δ +1567.93 MB)
2026-07-01 01:28:41 - INFO - 容器内存使用 [推送Redis前]: 1925.59 MB (Δ +0.00 MB)
2026-07-01 01:29:10 - INFO - 容器内存使用 [推送Redis后]: 2261.20 MB (Δ +335.61 MB)
2026-07-01 01:29:10 - INFO - 本批次内存峰值: 2694.14 MB
2026-07-01 01:29:10 - INFO - 计算完成，共 200000 条结果已批量推送到Redis
2026-07-01 01:29:11 - INFO - 容器内存使用 [回收后基线]: 673.21 MB (Δ -1587.99 MB)
2026-07-01 01:29:11 - INFO - 开始从Redis批量拉取任务
2026-07-01 01:29:13 - INFO - 成功拉取 200000 条任务
2026-07-01 01:29:13 - INFO - 容器内存使用 [拉取任务后]: 686.70 MB
2026-07-01 01:32:03 - INFO - 容器内存使用 [计算完成后]: 2210.93 MB (Δ +1524.23 MB)
2026-07-01 01:32:03 - INFO - 容器内存使用 [推送Redis前]: 2210.93 MB (Δ +0.00 MB)
2026-07-01 01:32:31 - INFO - 容器内存使用 [推送Redis后]: 2262.35 MB (Δ +51.43 MB)
2026-07-01 01:32:31 - INFO - 本批次内存峰值: 2694.47 MB
2026-07-01 01:32:31 - INFO - 计算完成，共 200000 条结果已批量推送到Redis
2026-07-01 01:32:32 - INFO - 容器内存使用 [回收后基线]: 739.17 MB (Δ -1523.18 MB)
2026-07-01 01:32:32 - INFO - 开始从Redis批量拉取任务
2026-07-01 01:32:34 - INFO - 成功拉取 200000 条任务
2026-07-01 01:32:34 - INFO - 容器内存使用 [拉取任务后]: 736.02 MB
2026-07-01 01:35:25 - INFO - 容器内存使用 [计算完成后]: 2210.79 MB (Δ +1474.77 MB)
2026-07-01 01:35:25 - INFO - 容器内存使用 [推送Redis前]: 2210.79 MB (Δ +0.00 MB)
2026-07-01 01:35:53 - INFO - 容器内存使用 [推送Redis后]: 2261.14 MB (Δ +50.36 MB)
2026-07-01 01:35:53 - INFO - 本批次内存峰值: 2695.25 MB
2026-07-01 01:35:53 - INFO - 计算完成，共 200000 条结果已批量推送到Redis
2026-07-01 01:35:54 - INFO - 容器内存使用 [回收后基线]: 754.56 MB (Δ -1506.58 MB)
2026-07-01 01:35:54 - INFO - 开始从Redis批量拉取任务
2026-07-01 01:35:56 - INFO - 成功拉取 200000 条任务
2026-07-01 01:35:56 - INFO - 容器内存使用 [拉取任务后]: 752.85 MB
2026-07-01 01:38:47 - INFO - 容器内存使用 [计算完成后]: 2210.87 MB (Δ +1458.02 MB)
2026-07-01 01:38:47 - INFO - 容器内存使用 [推送Redis前]: 2210.87 MB (Δ +0.00 MB)
2026-07-01 01:39:15 - INFO - 容器内存使用 [推送Redis后]: 2260.12 MB (Δ +49.26 MB)
2026-07-01 01:39:15 - INFO - 本批次内存峰值: 2693.73 MB
2026-07-01 01:39:15 - INFO - 计算完成，共 200000 条结果已批量推送到Redis
2026-07-01 01:39:16 - INFO - 容器内存使用 [回收后基线]: 763.94 MB (Δ -1496.19 MB)
2026-07-01 01:39:16 - INFO - 开始从Redis批量拉取任务
2026-07-01 01:39:18 - INFO - 成功拉取 200000 条任务
2026-07-01 01:39:18 - INFO - 容器内存使用 [拉取任务后]: 763.12 MB
2026-07-01 01:42:09 - INFO - 容器内存使用 [计算完成后]: 2210.74 MB (Δ +1447.62 MB)
2026-07-01 01:42:09 - INFO - 容器内存使用 [推送Redis前]: 2210.74 MB (Δ +0.00 MB)
2026-07-01 01:42:37 - INFO - 容器内存使用 [推送Redis后]: 2262.24 MB (Δ +51.50 MB)
2026-07-01 01:42:37 - INFO - 本批次内存峰值: 2695.12 MB
2026-07-01 01:42:37 - INFO - 计算完成，共 200000 条结果已批量推送到Redis
2026-07-01 01:42:38 - INFO - 容器内存使用 [回收后基线]: 766.12 MB (Δ -1496.12 MB)
2026-07-01 01:42:38 - INFO - 开始从Redis批量拉取任务
2026-07-01 01:42:40 - INFO - 成功拉取 200000 条任务
2026-07-01 01:42:40 - INFO - 容器内存使用 [拉取任务后]: 762.32 MB
2026-07-01 01:45:31 - INFO - 容器内存使用 [计算完成后]: 2210.79 MB (Δ +1448.47 MB)
2026-07-01 01:45:31 - INFO - 容器内存使用 [推送Redis前]: 2210.79 MB (Δ +0.00 MB)
2026-07-01 01:45:59 - INFO - 容器内存使用 [推送Redis后]: 2260.20 MB (Δ +49.41 MB)
2026-07-01 01:45:59 - INFO - 本批次内存峰值: 2694.86 MB
2026-07-01 01:45:59 - INFO - 计算完成，共 200000 条结果已批量推送到Redis
2026-07-01 01:46:00 - INFO - 容器内存使用 [回收后基线]: 757.84 MB (Δ -1502.35 MB)
2026-07-01 01:46:00 - INFO - 开始从Redis批量拉取任务
2026-07-01 01:46:02 - INFO - 成功拉取 200000 条任务
2026-07-01 01:46:02 - INFO - 容器内存使用 [拉取任务后]: 756.43 MB
2026-07-01 01:48:53 - INFO - 容器内存使用 [计算完成后]: 2210.91 MB (Δ +1454.48 MB)
2026-07-01 01:48:53 - INFO - 容器内存使用 [推送Redis前]: 2210.91 MB (Δ -0.00 MB)
2026-07-01 01:49:21 - INFO - 容器内存使用 [推送Redis后]: 2258.90 MB (Δ +48.00 MB)
2026-07-01 01:49:21 - INFO - 本批次内存峰值: 2694.87 MB
2026-07-01 01:49:21 - INFO - 计算完成，共 200000 条结果已批量推送到Redis
2026-07-01 01:49:22 - INFO - 容器内存使用 [回收后基线]: 768.88 MB (Δ -1490.03 MB)
2026-07-01 01:49:22 - INFO - 开始从Redis批量拉取任务
2026-07-01 01:49:24 - INFO - 成功拉取 200000 条任务
2026-07-01 01:49:24 - INFO - 容器内存使用 [拉取任务后]: 764.93 MB
2026-07-01 01:52:15 - INFO - 容器内存使用 [计算完成后]: 2210.77 MB (Δ +1445.84 MB)
2026-07-01 01:52:15 - INFO - 容器内存使用 [推送Redis前]: 2210.77 MB (Δ +0.00 MB)
2026-07-01 01:52:43 - INFO - 容器内存使用 [推送Redis后]: 2261.00 MB (Δ +50.22 MB)
2026-07-01 01:52:43 - INFO - 本批次内存峰值: 2696.27 MB
2026-07-01 01:52:43 - INFO - 计算完成，共 200000 条结果已批量推送到Redis
2026-07-01 01:52:44 - INFO - 容器内存使用 [回收后基线]: 773.74 MB (Δ -1487.26 MB)
2026-07-01 01:52:44 - INFO - 开始从Redis批量拉取任务
2026-07-01 01:52:46 - INFO - 成功拉取 200000 条任务
2026-07-01 01:52:46 - INFO - 容器内存使用 [拉取任务后]: 772.69 MB
2026-07-01 01:55:36 - INFO - 容器内存使用 [计算完成后]: 2210.70 MB (Δ +1438.01 MB)
2026-07-01 01:55:36 - INFO - 容器内存使用 [推送Redis前]: 2210.70 MB (Δ +0.00 MB)
2026-07-01 01:56:04 - INFO - 容器内存使用 [推送Redis后]: 2260.87 MB (Δ +50.17 MB)
2026-07-01 01:56:04 - INFO - 本批次内存峰值: 2696.19 MB
2026-07-01 01:56:04 - INFO - 计算完成，共 200000 条结果已批量推送到Redis
2026-07-01 01:56:05 - INFO - 容器内存使用 [回收后基线]: 771.18 MB (Δ -1489.68 MB)
2026-07-01 01:56:05 - INFO - 开始从Redis批量拉取任务
2026-07-01 01:56:07 - INFO - 成功拉取 200000 条任务
2026-07-01 01:56:07 - INFO - 容器内存使用 [拉取任务后]: 766.91 MB
2026-07-01 01:58:57 - INFO - 容器内存使用 [计算完成后]: 2210.80 MB (Δ +1443.89 MB)
2026-07-01 01:58:57 - INFO - 容器内存使用 [推送Redis前]: 2210.80 MB (Δ +0.00 MB)
2026-07-01 01:59:26 - INFO - 容器内存使用 [推送Redis后]: 2260.89 MB (Δ +50.09 MB)
2026-07-01 01:59:26 - INFO - 本批次内存峰值: 2696.01 MB
2026-07-01 01:59:26 - INFO - 计算完成，共 200000 条结果已批量推送到Redis
2026-07-01 01:59:27 - INFO - 容器内存使用 [回收后基线]: 772.52 MB (Δ -1488.37 MB)
2026-07-01 01:59:27 - INFO - 开始从Redis批量拉取任务
2026-07-01 01:59:29 - INFO - 成功拉取 200000 条任务
2026-07-01 01:59:29 - INFO - 容器内存使用 [拉取任务后]: 769.29 MB
2026-07-01 02:02:20 - INFO - 容器内存使用 [计算完成后]: 2210.77 MB (Δ +1441.49 MB)
2026-07-01 02:02:20 - INFO - 容器内存使用 [推送Redis前]: 2210.77 MB (Δ +0.00 MB)
2026-07-01 02:02:48 - INFO - 容器内存使用 [推送Redis后]: 2262.29 MB (Δ +51.52 MB)
2026-07-01 02:02:48 - INFO - 本批次内存峰值: 2696.05 MB
2026-07-01 02:02:48 - INFO - 计算完成，共 200000 条结果已批量推送到Redis
2026-07-01 02:02:49 - INFO - 容器内存使用 [回收后基线]: 772.86 MB (Δ -1489.43 MB)
2026-07-01 02:02:49 - INFO - 开始从Redis批量拉取任务
2026-07-01 02:02:51 - INFO - 成功拉取 200000 条任务
2026-07-01 02:02:51 - INFO - 容器内存使用 [拉取任务后]: 769.60 MB
2026-07-01 02:05:41 - INFO - 容器内存使用 [计算完成后]: 2210.99 MB (Δ +1441.39 MB)
2026-07-01 02:05:41 - INFO - 容器内存使用 [推送Redis前]: 2210.99 MB (Δ +0.00 MB)
2026-07-01 02:06:09 - INFO - 容器内存使用 [推送Redis后]: 2262.44 MB (Δ +51.45 MB)
2026-07-01 02:06:10 - INFO - 本批次内存峰值: 2696.74 MB
2026-07-01 02:06:10 - INFO - 计算完成，共 200000 条结果已批量推送到Redis
2026-07-01 02:06:11 - INFO - 容器内存使用 [回收后基线]: 771.59 MB (Δ -1490.84 MB)
2026-07-01 02:06:11 - INFO - 开始从Redis批量拉取任务
2026-07-01 02:06:12 - INFO - 成功拉取 200000 条任务
2026-07-01 02:06:12 - INFO - 容器内存使用 [拉取任务后]: 768.46 MB
2026-07-01 02:09:03 - INFO - 容器内存使用 [计算完成后]: 2210.74 MB (Δ +1442.28 MB)
2026-07-01 02:09:03 - INFO - 容器内存使用 [推送Redis前]: 2210.74 MB (Δ +0.00 MB)
2026-07-01 02:09:31 - INFO - 容器内存使用 [推送Redis后]: 2262.19 MB (Δ +51.45 MB)
2026-07-01 02:09:31 - INFO - 本批次内存峰值: 2695.59 MB
2026-07-01 02:09:31 - INFO - 计算完成，共 200000 条结果已批量推送到Redis
2026-07-01 02:09:32 - INFO - 容器内存使用 [回收后基线]: 773.16 MB (Δ -1489.04 MB)
2026-07-01 02:09:32 - INFO - 开始从Redis批量拉取任务
2026-07-01 02:09:34 - INFO - 成功拉取 200000 条任务
2026-07-01 02:09:34 - INFO - 容器内存使用 [拉取任务后]: 771.04 MB
2026-07-01 02:12:25 - INFO - 容器内存使用 [计算完成后]: 2210.79 MB (Δ +1439.75 MB)
2026-07-01 02:12:25 - INFO - 容器内存使用 [推送Redis前]: 2210.79 MB (Δ +0.00 MB)
2026-07-01 02:12:53 - INFO - 容器内存使用 [推送Redis后]: 2261.54 MB (Δ +50.75 MB)
2026-07-01 02:12:53 - INFO - 本批次内存峰值: 2695.37 MB
2026-07-01 02:12:53 - INFO - 计算完成，共 200000 条结果已批量推送到Redis
2026-07-01 02:12:54 - INFO - 容器内存使用 [回收后基线]: 768.95 MB (Δ -1492.59 MB)
2026-07-01 02:12:54 - INFO - 开始从Redis批量拉取任务
2026-07-01 02:12:56 - INFO - 成功拉取 200000 条任务
2026-07-01 02:12:56 - INFO - 容器内存使用 [拉取任务后]: 765.42 MB
2026-07-01 02:15:47 - INFO - 容器内存使用 [计算完成后]: 2210.83 MB (Δ +1445.41 MB)
2026-07-01 02:15:47 - INFO - 容器内存使用 [推送Redis前]: 2210.83 MB (Δ +0.00 MB)
2026-07-01 02:16:15 - INFO - 容器内存使用 [推送Redis后]: 2249.98 MB (Δ +39.16 MB)
2026-07-01 02:16:15 - INFO - 本批次内存峰值: 2696.48 MB
2026-07-01 02:16:15 - INFO - 计算完成，共 200000 条结果已批量推送到Redis
2026-07-01 02:16:16 - INFO - 容器内存使用 [回收后基线]: 783.98 MB (Δ -1466.00 MB)
2026-07-01 02:16:16 - INFO - 开始从Redis批量拉取任务
2026-07-01 02:16:18 - INFO - 成功拉取 200000 条任务
2026-07-01 02:16:18 - INFO - 容器内存使用 [拉取任务后]: 780.15 MB
2026-07-01 02:19:08 - INFO - 容器内存使用 [计算完成后]: 2210.70 MB (Δ +1430.54 MB)
2026-07-01 02:19:08 - INFO - 容器内存使用 [推送Redis前]: 2210.70 MB (Δ +0.00 MB)
2026-07-01 02:19:36 - INFO - 容器内存使用 [推送Redis后]: 2263.61 MB (Δ +52.91 MB)
2026-07-01 02:19:36 - INFO - 本批次内存峰值: 2696.90 MB
2026-07-01 02:19:36 - INFO - 计算完成，共 200000 条结果已批量推送到Redis
2026-07-01 02:19:37 - INFO - 容器内存使用 [回收后基线]: 778.52 MB (Δ -1485.09 MB)
2026-07-01 02:19:37 - INFO - 开始从Redis批量拉取任务
2026-07-01 02:19:39 - INFO - 成功拉取 200000 条任务
2026-07-01 02:19:39 - INFO - 容器内存使用 [拉取任务后]: 774.61 MB
2026-07-01 02:22:29 - INFO - 容器内存使用 [计算完成后]: 2210.78 MB (Δ +1436.17 MB)
2026-07-01 02:22:29 - INFO - 容器内存使用 [推送Redis前]: 2210.78 MB (Δ +0.00 MB)
2026-07-01 02:22:57 - INFO - 容器内存使用 [推送Redis后]: 2259.49 MB (Δ +48.71 MB)
2026-07-01 02:22:57 - INFO - 本批次内存峰值: 2695.89 MB
2026-07-01 02:22:57 - INFO - 计算完成，共 200000 条结果已批量推送到Redis
2026-07-01 02:22:58 - INFO - 容器内存使用 [回收后基线]: 774.59 MB (Δ -1484.90 MB)
2026-07-01 02:22:58 - INFO - 开始从Redis批量拉取任务
2026-07-01 02:23:00 - INFO - 成功拉取 200000 条任务
2026-07-01 02:23:00 - INFO - 容器内存使用 [拉取任务后]: 770.61 MB
2026-07-01 02:25:51 - INFO - 容器内存使用 [计算完成后]: 2210.92 MB (Δ +1440.31 MB)
2026-07-01 02:25:51 - INFO - 容器内存使用 [推送Redis前]: 2210.92 MB (Δ +0.00 MB)
2026-07-01 02:26:19 - INFO - 容器内存使用 [推送Redis后]: 2261.48 MB (Δ +50.55 MB)
2026-07-01 02:26:19 - INFO - 本批次内存峰值: 2696.91 MB
2026-07-01 02:26:19 - INFO - 计算完成，共 200000 条结果已批量推送到Redis
2026-07-01 02:26:20 - INFO - 容器内存使用 [回收后基线]: 773.32 MB (Δ -1488.16 MB)
2026-07-01 02:26:20 - INFO - 开始从Redis批量拉取任务
2026-07-01 02:26:22 - INFO - 成功拉取 200000 条任务
2026-07-01 02:26:22 - INFO - 容器内存使用 [拉取任务后]: 769.69 MB
2026-07-01 02:29:12 - INFO - 容器内存使用 [计算完成后]: 2210.73 MB (Δ +1441.04 MB)
2026-07-01 02:29:12 - INFO - 容器内存使用 [推送Redis前]: 2210.73 MB (Δ +0.00 MB)
2026-07-01 02:29:40 - INFO - 容器内存使用 [推送Redis后]: 2260.59 MB (Δ +49.86 MB)
2026-07-01 02:29:40 - INFO - 本批次内存峰值: 2695.81 MB
2026-07-01 02:29:40 - INFO - 计算完成，共 200000 条结果已批量推送到Redis
2026-07-01 02:29:41 - INFO - 容器内存使用 [回收后基线]: 778.39 MB (Δ -1482.20 MB)
2026-07-01 02:29:41 - INFO - 开始从Redis批量拉取任务
2026-07-01 02:29:43 - INFO - 成功拉取 200000 条任务
2026-07-01 02:29:43 - INFO - 容器内存使用 [拉取任务后]: 777.15 MB
2026-07-01 02:32:34 - INFO - 容器内存使用 [计算完成后]: 2210.85 MB (Δ +1433.70 MB)
2026-07-01 02:32:34 - INFO - 容器内存使用 [推送Redis前]: 2210.85 MB (Δ +0.00 MB)
2026-07-01 02:33:02 - INFO - 容器内存使用 [推送Redis后]: 2259.77 MB (Δ +48.92 MB)
2026-07-01 02:33:02 - INFO - 本批次内存峰值: 2695.44 MB
2026-07-01 02:33:02 - INFO - 计算完成，共 200000 条结果已批量推送到Redis
2026-07-01 02:33:03 - INFO - 容器内存使用 [回收后基线]: 776.56 MB (Δ -1483.21 MB)
2026-07-01 02:33:03 - INFO - 开始从Redis批量拉取任务
2026-07-01 02:33:05 - INFO - 成功拉取 200000 条任务
2026-07-01 02:33:05 - INFO - 容器内存使用 [拉取任务后]: 773.89 MB
2026-07-01 02:35:55 - INFO - 容器内存使用 [计算完成后]: 2210.78 MB (Δ +1436.89 MB)
2026-07-01 02:35:55 - INFO - 容器内存使用 [推送Redis前]: 2210.78 MB (Δ +0.00 MB)
2026-07-01 02:36:23 - INFO - 容器内存使用 [推送Redis后]: 2334.02 MB (Δ +123.23 MB)
2026-07-01 02:36:23 - INFO - 本批次内存峰值: 2696.30 MB
2026-07-01 02:36:23 - INFO - 计算完成，共 200000 条结果已批量推送到Redis
2026-07-01 02:36:24 - INFO - 容器内存使用 [回收后基线]: 859.37 MB (Δ -1474.65 MB)
2026-07-01 02:36:24 - INFO - 开始从Redis批量拉取任务
2026-07-01 02:36:26 - INFO - 成功拉取 200000 条任务
2026-07-01 02:36:26 - INFO - 容器内存使用 [拉取任务后]: 856.50 MB
2026-07-01 02:39:16 - INFO - 容器内存使用 [计算完成后]: 2283.44 MB (Δ +1426.95 MB)
2026-07-01 02:39:16 - INFO - 容器内存使用 [推送Redis前]: 2283.44 MB (Δ +0.00 MB)
2026-07-01 02:39:45 - INFO - 容器内存使用 [推送Redis后]: 2334.09 MB (Δ +50.64 MB)
2026-07-01 02:39:45 - INFO - 本批次内存峰值: 2695.19 MB
2026-07-01 02:39:45 - INFO - 计算完成，共 200000 条结果已批量推送到Redis
2026-07-01 02:39:46 - INFO - 容器内存使用 [回收后基线]: 784.05 MB (Δ -1550.03 MB)
2026-07-01 02:39:46 - INFO - 开始从Redis批量拉取任务
2026-07-01 02:39:48 - INFO - 成功拉取 200000 条任务
2026-07-01 02:39:48 - INFO - 容器内存使用 [拉取任务后]: 780.09 MB
2026-07-01 02:42:39 - INFO - 容器内存使用 [计算完成后]: 2210.75 MB (Δ +1430.66 MB)
2026-07-01 02:42:39 - INFO - 容器内存使用 [推送Redis前]: 2210.75 MB (Δ +0.00 MB)
2026-07-01 02:43:07 - INFO - 容器内存使用 [推送Redis后]: 2261.95 MB (Δ +51.20 MB)
2026-07-01 02:43:07 - INFO - 本批次内存峰值: 2694.82 MB
2026-07-01 02:43:07 - INFO - 计算完成，共 200000 条结果已批量推送到Redis
2026-07-01 02:43:08 - INFO - 容器内存使用 [回收后基线]: 781.61 MB (Δ -1480.35 MB)
2026-07-01 02:43:08 - INFO - 开始从Redis批量拉取任务
2026-07-01 02:43:10 - INFO - 成功拉取 200000 条任务
2026-07-01 02:43:10 - INFO - 容器内存使用 [拉取任务后]: 778.29 MB
2026-07-01 02:46:00 - INFO - 容器内存使用 [计算完成后]: 2210.82 MB (Δ +1432.54 MB)
2026-07-01 02:46:00 - INFO - 容器内存使用 [推送Redis前]: 2210.82 MB (Δ +0.00 MB)
2026-07-01 02:46:29 - INFO - 容器内存使用 [推送Redis后]: 2261.11 MB (Δ +50.29 MB)
2026-07-01 02:46:29 - INFO - 本批次内存峰值: 2695.45 MB
2026-07-01 02:46:29 - INFO - 计算完成，共 200000 条结果已批量推送到Redis
2026-07-01 02:46:30 - INFO - 容器内存使用 [回收后基线]: 783.59 MB (Δ -1477.52 MB)
2026-07-01 02:46:30 - INFO - 开始从Redis批量拉取任务
2026-07-01 02:46:32 - INFO - 成功拉取 200000 条任务
2026-07-01 02:46:32 - INFO - 容器内存使用 [拉取任务后]: 779.14 MB
2026-07-01 02:49:22 - INFO - 容器内存使用 [计算完成后]: 2210.75 MB (Δ +1431.61 MB)
2026-07-01 02:49:22 - INFO - 容器内存使用 [推送Redis前]: 2210.75 MB (Δ +0.00 MB)
2026-07-01 02:49:51 - INFO - 容器内存使用 [推送Redis后]: 2262.49 MB (Δ +51.75 MB)
2026-07-01 02:49:51 - INFO - 本批次内存峰值: 2696.37 MB
2026-07-01 02:49:51 - INFO - 计算完成，共 200000 条结果已批量推送到Redis
2026-07-01 02:49:52 - INFO - 容器内存使用 [回收后基线]: 787.20 MB (Δ -1475.30 MB)
2026-07-01 02:49:52 - INFO - 开始从Redis批量拉取任务
2026-07-01 02:49:54 - INFO - 成功拉取 200000 条任务
2026-07-01 02:49:54 - INFO - 容器内存使用 [拉取任务后]: 783.28 MB
2026-07-01 02:52:44 - INFO - 容器内存使用 [计算完成后]: 2210.89 MB (Δ +1427.61 MB)
2026-07-01 02:52:44 - INFO - 容器内存使用 [推送Redis前]: 2210.89 MB (Δ +0.00 MB)
2026-07-01 02:53:12 - INFO - 容器内存使用 [推送Redis后]: 2262.29 MB (Δ +51.39 MB)
2026-07-01 02:53:12 - INFO - 本批次内存峰值: 2695.41 MB
2026-07-01 02:53:12 - INFO - 计算完成，共 200000 条结果已批量推送到Redis
2026-07-01 02:53:13 - INFO - 容器内存使用 [回收后基线]: 782.75 MB (Δ -1479.54 MB)
2026-07-01 02:53:13 - INFO - 开始从Redis批量拉取任务
2026-07-01 02:53:15 - INFO - 成功拉取 200000 条任务
2026-07-01 02:53:15 - INFO - 容器内存使用 [拉取任务后]: 778.21 MB
2026-07-01 02:56:06 - INFO - 容器内存使用 [计算完成后]: 2210.74 MB (Δ +1432.52 MB)
2026-07-01 02:56:06 - INFO - 容器内存使用 [推送Redis前]: 2210.74 MB (Δ +0.00 MB)
2026-07-01 02:56:34 - INFO - 容器内存使用 [推送Redis后]: 2261.46 MB (Δ +50.72 MB)
2026-07-01 02:56:34 - INFO - 本批次内存峰值: 2695.11 MB
2026-07-01 02:56:34 - INFO - 计算完成，共 200000 条结果已批量推送到Redis
2026-07-01 02:56:35 - INFO - 容器内存使用 [回收后基线]: 772.67 MB (Δ -1488.79 MB)
2026-07-01 02:56:35 - INFO - 开始从Redis批量拉取任务
2026-07-01 02:56:37 - INFO - 成功拉取 200000 条任务
2026-07-01 02:56:37 - INFO - 容器内存使用 [拉取任务后]: 769.11 MB
2026-07-01 02:59:27 - INFO - 容器内存使用 [计算完成后]: 2210.70 MB (Δ +1441.58 MB)
2026-07-01 02:59:27 - INFO - 容器内存使用 [推送Redis前]: 2210.70 MB (Δ +0.00 MB)
2026-07-01 02:59:55 - INFO - 容器内存使用 [推送Redis后]: 2233.68 MB (Δ +22.98 MB)
2026-07-01 02:59:55 - INFO - 本批次内存峰值: 2695.60 MB
2026-07-01 02:59:55 - INFO - 计算完成，共 200000 条结果已批量推送到Redis
2026-07-01 02:59:56 - INFO - 容器内存使用 [回收后基线]: 804.32 MB (Δ -1429.36 MB)
2026-07-01 02:59:56 - INFO - 开始从Redis批量拉取任务
2026-07-01 02:59:58 - INFO - 成功拉取 200000 条任务
2026-07-01 02:59:58 - INFO - 容器内存使用 [拉取任务后]: 802.32 MB
2026-07-01 03:02:50 - INFO - 容器内存使用 [计算完成后]: 2210.97 MB (Δ +1408.66 MB)
2026-07-01 03:02:50 - INFO - 容器内存使用 [推送Redis前]: 2210.97 MB (Δ +0.00 MB)
2026-07-01 03:03:18 - INFO - 容器内存使用 [推送Redis后]: 2258.17 MB (Δ +47.20 MB)
2026-07-01 03:03:18 - INFO - 本批次内存峰值: 2695.41 MB
2026-07-01 03:03:18 - INFO - 计算完成，共 200000 条结果已批量推送到Redis
2026-07-01 03:03:19 - INFO - 容器内存使用 [回收后基线]: 777.52 MB (Δ -1480.65 MB)
2026-07-01 03:03:19 - INFO - 开始从Redis批量拉取任务
2026-07-01 03:03:21 - INFO - 成功拉取 200000 条任务
2026-07-01 03:03:21 - INFO - 容器内存使用 [拉取任务后]: 771.60 MB
2026-07-01 03:06:12 - INFO - 容器内存使用 [计算完成后]: 2210.80 MB (Δ +1439.20 MB)
2026-07-01 03:06:12 - INFO - 容器内存使用 [推送Redis前]: 2210.80 MB (Δ +0.00 MB)
2026-07-01 03:06:40 - INFO - 容器内存使用 [推送Redis后]: 2263.02 MB (Δ +52.22 MB)
2026-07-01 03:06:40 - INFO - 本批次内存峰值: 2696.79 MB
2026-07-01 03:06:40 - INFO - 计算完成，共 200000 条结果已批量推送到Redis
2026-07-01 03:06:41 - INFO - 容器内存使用 [回收后基线]: 788.04 MB (Δ -1474.98 MB)
2026-07-01 03:06:41 - INFO - 开始从Redis批量拉取任务
2026-07-01 03:06:43 - INFO - 成功拉取 200000 条任务
2026-07-01 03:06:43 - INFO - 容器内存使用 [拉取任务后]: 784.36 MB
2026-07-01 03:09:33 - INFO - 容器内存使用 [计算完成后]: 2212.57 MB (Δ +1428.21 MB)
2026-07-01 03:09:33 - INFO - 容器内存使用 [推送Redis前]: 2212.57 MB (Δ +0.00 MB)
2026-07-01 03:10:02 - INFO - 容器内存使用 [推送Redis后]: 2263.86 MB (Δ +51.29 MB)
2026-07-01 03:10:02 - INFO - 本批次内存峰值: 2696.61 MB
2026-07-01 03:10:02 - INFO - 计算完成，共 200000 条结果已批量推送到Redis
2026-07-01 03:10:03 - INFO - 容器内存使用 [回收后基线]: 792.18 MB (Δ -1471.68 MB)
2026-07-01 03:10:03 - INFO - 开始从Redis批量拉取任务
2026-07-01 03:10:05 - INFO - 成功拉取 200000 条任务
2026-07-01 03:10:05 - INFO - 容器内存使用 [拉取任务后]: 788.48 MB
2026-07-01 03:12:55 - INFO - 容器内存使用 [计算完成后]: 2212.88 MB (Δ +1424.39 MB)
2026-07-01 03:12:55 - INFO - 容器内存使用 [推送Redis前]: 2212.88 MB (Δ +0.00 MB)
2026-07-01 03:13:23 - INFO - 容器内存使用 [推送Redis后]: 2262.84 MB (Δ +49.96 MB)
2026-07-01 03:13:23 - INFO - 本批次内存峰值: 2696.34 MB
2026-07-01 03:13:23 - INFO - 计算完成，共 200000 条结果已批量推送到Redis
2026-07-01 03:13:24 - INFO - 容器内存使用 [回收后基线]: 785.72 MB (Δ -1477.12 MB)
2026-07-01 03:13:24 - INFO - 开始从Redis批量拉取任务
2026-07-01 03:13:26 - INFO - 成功拉取 200000 条任务
2026-07-01 03:13:26 - INFO - 容器内存使用 [拉取任务后]: 781.96 MB
2026-07-01 03:16:16 - INFO - 容器内存使用 [计算完成后]: 2210.95 MB (Δ +1428.98 MB)
2026-07-01 03:16:16 - INFO - 容器内存使用 [推送Redis前]: 2210.95 MB (Δ +0.00 MB)
2026-07-01 03:16:44 - INFO - 容器内存使用 [推送Redis后]: 2262.49 MB (Δ +51.54 MB)
2026-07-01 03:16:44 - INFO - 本批次内存峰值: 2696.32 MB
2026-07-01 03:16:44 - INFO - 计算完成，共 200000 条结果已批量推送到Redis
2026-07-01 03:16:45 - INFO - 容器内存使用 [回收后基线]: 782.66 MB (Δ -1479.83 MB)
2026-07-01 03:16:45 - INFO - 开始从Redis批量拉取任务
2026-07-01 03:16:47 - INFO - 成功拉取 200000 条任务
2026-07-01 03:16:47 - INFO - 容器内存使用 [拉取任务后]: 780.75 MB
2026-07-01 03:19:38 - INFO - 容器内存使用 [计算完成后]: 2211.11 MB (Δ +1430.37 MB)
2026-07-01 03:19:38 - INFO - 容器内存使用 [推送Redis前]: 2211.11 MB (Δ -0.00 MB)
2026-07-01 03:20:06 - INFO - 容器内存使用 [推送Redis后]: 2261.43 MB (Δ +50.32 MB)
2026-07-01 03:20:06 - INFO - 本批次内存峰值: 2695.91 MB
2026-07-01 03:20:06 - INFO - 计算完成，共 200000 条结果已批量推送到Redis
2026-07-01 03:20:07 - INFO - 容器内存使用 [回收后基线]: 786.39 MB (Δ -1475.04 MB)
2026-07-01 03:20:07 - INFO - 开始从Redis批量拉取任务
2026-07-01 03:20:09 - INFO - 成功拉取 200000 条任务
2026-07-01 03:20:09 - INFO - 容器内存使用 [拉取任务后]: 783.77 MB
2026-07-01 03:23:00 - INFO - 容器内存使用 [计算完成后]: 2210.92 MB (Δ +1427.16 MB)
2026-07-01 03:23:00 - INFO - 容器内存使用 [推送Redis前]: 2210.92 MB (Δ -0.00 MB)
2026-07-01 03:23:28 - INFO - 容器内存使用 [推送Redis后]: 2262.82 MB (Δ +51.90 MB)
2026-07-01 03:23:28 - INFO - 本批次内存峰值: 2697.13 MB
2026-07-01 03:23:28 - INFO - 计算完成，共 200000 条结果已批量推送到Redis
2026-07-01 03:23:29 - INFO - 容器内存使用 [回收后基线]: 781.84 MB (Δ -1480.98 MB)
2026-07-01 03:23:29 - INFO - 开始从Redis批量拉取任务
2026-07-01 03:23:31 - INFO - 成功拉取 200000 条任务
2026-07-01 03:23:31 - INFO - 容器内存使用 [拉取任务后]: 778.45 MB
2026-07-01 03:26:21 - INFO - 容器内存使用 [计算完成后]: 2210.74 MB (Δ +1432.29 MB)
2026-07-01 03:26:21 - INFO - 容器内存使用 [推送Redis前]: 2210.74 MB (Δ +0.00 MB)
2026-07-01 03:26:49 - INFO - 容器内存使用 [推送Redis后]: 2260.62 MB (Δ +49.88 MB)
2026-07-01 03:26:50 - INFO - 本批次内存峰值: 2696.59 MB
2026-07-01 03:26:50 - INFO - 计算完成，共 200000 条结果已批量推送到Redis
2026-07-01 03:26:51 - INFO - 容器内存使用 [回收后基线]: 786.40 MB (Δ -1474.22 MB)
2026-07-01 03:26:51 - INFO - 开始从Redis批量拉取任务
2026-07-01 03:26:52 - INFO - 成功拉取 200000 条任务
2026-07-01 03:26:52 - INFO - 容器内存使用 [拉取任务后]: 783.08 MB
2026-07-01 03:29:44 - INFO - 容器内存使用 [计算完成后]: 2211.01 MB (Δ +1427.93 MB)
2026-07-01 03:29:44 - INFO - 容器内存使用 [推送Redis前]: 2211.01 MB (Δ +0.00 MB)
2026-07-01 03:30:12 - INFO - 容器内存使用 [推送Redis后]: 2261.65 MB (Δ +50.64 MB)
2026-07-01 03:30:12 - INFO - 本批次内存峰值: 2697.11 MB
2026-07-01 03:30:12 - INFO - 计算完成，共 200000 条结果已批量推送到Redis
2026-07-01 03:30:13 - INFO - 容器内存使用 [回收后基线]: 780.43 MB (Δ -1481.22 MB)
2026-07-01 03:30:13 - INFO - 开始从Redis批量拉取任务
2026-07-01 03:30:15 - INFO - 成功拉取 200000 条任务
2026-07-01 03:30:15 - INFO - 容器内存使用 [拉取任务后]: 777.35 MB
2026-07-01 03:33:07 - INFO - 容器内存使用 [计算完成后]: 2210.82 MB (Δ +1433.47 MB)
2026-07-01 03:33:07 - INFO - 容器内存使用 [推送Redis前]: 2210.82 MB (Δ +0.00 MB)
2026-07-01 03:33:35 - INFO - 容器内存使用 [推送Redis后]: 2262.37 MB (Δ +51.55 MB)
2026-07-01 03:33:35 - INFO - 本批次内存峰值: 2695.26 MB
2026-07-01 03:33:35 - INFO - 计算完成，共 200000 条结果已批量推送到Redis
2026-07-01 03:33:36 - INFO - 容器内存使用 [回收后基线]: 787.11 MB (Δ -1475.27 MB)
2026-07-01 03:33:36 - INFO - 开始从Redis批量拉取任务
2026-07-01 03:33:38 - INFO - 成功拉取 200000 条任务
2026-07-01 03:33:38 - INFO - 容器内存使用 [拉取任务后]: 783.20 MB
2026-07-01 03:36:28 - INFO - 容器内存使用 [计算完成后]: 2210.86 MB (Δ +1427.66 MB)
2026-07-01 03:36:28 - INFO - 容器内存使用 [推送Redis前]: 2210.86 MB (Δ +0.00 MB)
2026-07-01 03:36:56 - INFO - 容器内存使用 [推送Redis后]: 2262.42 MB (Δ +51.56 MB)
2026-07-01 03:36:56 - INFO - 本批次内存峰值: 2695.53 MB
2026-07-01 03:36:56 - INFO - 计算完成，共 200000 条结果已批量推送到Redis
2026-07-01 03:36:57 - INFO - 容器内存使用 [回收后基线]: 791.94 MB (Δ -1470.48 MB)
2026-07-01 03:36:57 - INFO - 开始从Redis批量拉取任务
2026-07-01 03:36:59 - INFO - 成功拉取 200000 条任务
2026-07-01 03:36:59 - INFO - 容器内存使用 [拉取任务后]: 788.66 MB
2026-07-01 03:39:49 - INFO - 容器内存使用 [计算完成后]: 2210.92 MB (Δ +1422.26 MB)
2026-07-01 03:39:49 - INFO - 容器内存使用 [推送Redis前]: 2210.92 MB (Δ +0.00 MB)
2026-07-01 03:40:17 - INFO - 容器内存使用 [推送Redis后]: 2262.30 MB (Δ +51.38 MB)
2026-07-01 03:40:17 - INFO - 本批次内存峰值: 2696.36 MB
2026-07-01 03:40:17 - INFO - 计算完成，共 200000 条结果已批量推送到Redis
2026-07-01 03:40:18 - INFO - 容器内存使用 [回收后基线]: 792.56 MB (Δ -1469.73 MB)
2026-07-01 03:40:18 - INFO - 开始从Redis批量拉取任务
2026-07-01 03:40:20 - INFO - 成功拉取 200000 条任务
2026-07-01 03:40:20 - INFO - 容器内存使用 [拉取任务后]: 789.54 MB
2026-07-01 03:43:10 - INFO - 容器内存使用 [计算完成后]: 2210.98 MB (Δ +1421.44 MB)
2026-07-01 03:43:10 - INFO - 容器内存使用 [推送Redis前]: 2210.98 MB (Δ +0.00 MB)
2026-07-01 03:43:38 - INFO - 容器内存使用 [推送Redis后]: 2260.44 MB (Δ +49.46 MB)
2026-07-01 03:43:38 - INFO - 本批次内存峰值: 2694.94 MB
2026-07-01 03:43:38 - INFO - 计算完成，共 200000 条结果已批量推送到Redis
2026-07-01 03:43:39 - INFO - 容器内存使用 [回收后基线]: 788.59 MB (Δ -1471.86 MB)
2026-07-01 03:43:39 - INFO - 开始从Redis批量拉取任务
2026-07-01 03:43:41 - INFO - 成功拉取 200000 条任务
2026-07-01 03:43:41 - INFO - 容器内存使用 [拉取任务后]: 786.54 MB
2026-07-01 03:46:31 - INFO - 容器内存使用 [计算完成后]: 2210.75 MB (Δ +1424.21 MB)
2026-07-01 03:46:31 - INFO - 容器内存使用 [推送Redis前]: 2210.75 MB (Δ +0.00 MB)
2026-07-01 03:46:59 - INFO - 容器内存使用 [推送Redis后]: 2262.68 MB (Δ +51.93 MB)
2026-07-01 03:46:59 - INFO - 本批次内存峰值: 2695.64 MB
2026-07-01 03:46:59 - INFO - 计算完成，共 200000 条结果已批量推送到Redis
2026-07-01 03:47:00 - INFO - 容器内存使用 [回收后基线]: 786.95 MB (Δ -1475.73 MB)
2026-07-01 03:47:00 - INFO - 开始从Redis批量拉取任务
2026-07-01 03:47:02 - INFO - 成功拉取 200000 条任务
2026-07-01 03:47:02 - INFO - 容器内存使用 [拉取任务后]: 783.39 MB
2026-07-01 03:49:53 - INFO - 容器内存使用 [计算完成后]: 2211.05 MB (Δ +1427.66 MB)
2026-07-01 03:49:53 - INFO - 容器内存使用 [推送Redis前]: 2211.05 MB (Δ +0.00 MB)
2026-07-01 03:50:21 - INFO - 容器内存使用 [推送Redis后]: 2261.08 MB (Δ +50.03 MB)
2026-07-01 03:50:21 - INFO - 本批次内存峰值: 2695.37 MB
2026-07-01 03:50:21 - INFO - 计算完成，共 200000 条结果已批量推送到Redis
2026-07-01 03:50:22 - INFO - 容器内存使用 [回收后基线]: 786.60 MB (Δ -1474.48 MB)
2026-07-01 03:50:22 - INFO - 开始从Redis批量拉取任务
2026-07-01 03:50:24 - INFO - 成功拉取 200000 条任务
2026-07-01 03:50:24 - INFO - 容器内存使用 [拉取任务后]: 782.59 MB
2026-07-01 03:53:17 - INFO - 容器内存使用 [计算完成后]: 2210.81 MB (Δ +1428.23 MB)
2026-07-01 03:53:17 - INFO - 容器内存使用 [推送Redis前]: 2210.81 MB (Δ +0.00 MB)
2026-07-01 03:53:45 - INFO - 容器内存使用 [推送Redis后]: 2262.48 MB (Δ +51.67 MB)
2026-07-01 03:53:45 - INFO - 本批次内存峰值: 2695.93 MB
2026-07-01 03:53:45 - INFO - 计算完成，共 200000 条结果已批量推送到Redis
2026-07-01 03:53:46 - INFO - 容器内存使用 [回收后基线]: 772.03 MB (Δ -1490.45 MB)
2026-07-01 03:53:46 - INFO - 开始从Redis批量拉取任务
2026-07-01 03:53:48 - INFO - 成功拉取 200000 条任务
2026-07-01 03:53:48 - INFO - 容器内存使用 [拉取任务后]: 767.43 MB
2026-07-01 03:56:39 - INFO - 容器内存使用 [计算完成后]: 2210.73 MB (Δ +1443.29 MB)
2026-07-01 03:56:39 - INFO - 容器内存使用 [推送Redis前]: 2210.73 MB (Δ +0.00 MB)
2026-07-01 03:57:07 - INFO - 容器内存使用 [推送Redis后]: 2261.61 MB (Δ +50.88 MB)
2026-07-01 03:57:07 - INFO - 本批次内存峰值: 2694.74 MB
2026-07-01 03:57:07 - INFO - 计算完成，共 200000 条结果已批量推送到Redis
2026-07-01 03:57:08 - INFO - 容器内存使用 [回收后基线]: 773.32 MB (Δ -1488.29 MB)
2026-07-01 03:57:08 - INFO - 开始从Redis批量拉取任务
2026-07-01 03:57:10 - INFO - 成功拉取 200000 条任务
2026-07-01 03:57:10 - INFO - 容器内存使用 [拉取任务后]: 771.31 MB
2026-07-01 04:00:01 - INFO - 容器内存使用 [计算完成后]: 2210.93 MB (Δ +1439.62 MB)
2026-07-01 04:00:01 - INFO - 容器内存使用 [推送Redis前]: 2210.93 MB (Δ +0.00 MB)
2026-07-01 04:00:29 - INFO - 容器内存使用 [推送Redis后]: 2262.85 MB (Δ +51.92 MB)
2026-07-01 04:00:29 - INFO - 本批次内存峰值: 2695.97 MB
2026-07-01 04:00:29 - INFO - 计算完成，共 200000 条结果已批量推送到Redis
2026-07-01 04:00:30 - INFO - 容器内存使用 [回收后基线]: 795.58 MB (Δ -1467.27 MB)
2026-07-01 04:00:30 - INFO - 开始从Redis批量拉取任务
2026-07-01 04:00:32 - INFO - 成功拉取 200000 条任务
2026-07-01 04:00:32 - INFO - 容器内存使用 [拉取任务后]: 790.58 MB
2026-07-01 04:03:22 - INFO - 容器内存使用 [计算完成后]: 2211.09 MB (Δ +1420.51 MB)
2026-07-01 04:03:22 - INFO - 容器内存使用 [推送Redis前]: 2211.09 MB (Δ +0.00 MB)
2026-07-01 04:03:50 - INFO - 容器内存使用 [推送Redis后]: 2262.38 MB (Δ +51.29 MB)
2026-07-01 04:03:50 - INFO - 本批次内存峰值: 2695.51 MB
2026-07-01 04:03:50 - INFO - 计算完成，共 200000 条结果已批量推送到Redis
2026-07-01 04:03:52 - INFO - 容器内存使用 [回收后基线]: 779.01 MB (Δ -1483.37 MB)
2026-07-01 04:03:52 - INFO - 开始从Redis批量拉取任务
2026-07-01 04:03:53 - INFO - 成功拉取 200000 条任务
2026-07-01 04:03:53 - INFO - 容器内存使用 [拉取任务后]: 775.51 MB
2026-07-01 04:06:44 - INFO - 容器内存使用 [计算完成后]: 2210.86 MB (Δ +1435.35 MB)
2026-07-01 04:06:44 - INFO - 容器内存使用 [推送Redis前]: 2210.86 MB (Δ -0.00 MB)
2026-07-01 04:07:12 - INFO - 容器内存使用 [推送Redis后]: 2260.04 MB (Δ +49.18 MB)
2026-07-01 04:07:12 - INFO - 本批次内存峰值: 2695.22 MB
2026-07-01 04:07:12 - INFO - 计算完成，共 200000 条结果已批量推送到Redis
2026-07-01 04:07:13 - INFO - 容器内存使用 [回收后基线]: 777.82 MB (Δ -1482.21 MB)
2026-07-01 04:07:13 - INFO - 开始从Redis批量拉取任务
2026-07-01 04:07:15 - INFO - 成功拉取 200000 条任务
2026-07-01 04:07:15 - INFO - 容器内存使用 [拉取任务后]: 773.45 MB
2026-07-01 04:10:06 - INFO - 容器内存使用 [计算完成后]: 2210.73 MB (Δ +1437.29 MB)
2026-07-01 04:10:06 - INFO - 容器内存使用 [推送Redis前]: 2210.86 MB (Δ +0.12 MB)
2026-07-01 04:10:34 - INFO - 容器内存使用 [推送Redis后]: 2333.37 MB (Δ +122.51 MB)
2026-07-01 04:10:34 - INFO - 本批次内存峰值: 2694.86 MB
2026-07-01 04:10:34 - INFO - 计算完成，共 200000 条结果已批量推送到Redis
2026-07-01 04:10:35 - INFO - 容器内存使用 [回收后基线]: 860.97 MB (Δ -1472.40 MB)
2026-07-01 04:10:35 - INFO - 开始从Redis批量拉取任务
2026-07-01 04:10:37 - INFO - 成功拉取 200000 条任务
2026-07-01 04:10:37 - INFO - 容器内存使用 [拉取任务后]: 856.00 MB
2026-07-01 04:13:28 - INFO - 容器内存使用 [计算完成后]: 2283.30 MB (Δ +1427.31 MB)
2026-07-01 04:13:28 - INFO - 容器内存使用 [推送Redis前]: 2283.30 MB (Δ +0.00 MB)
2026-07-01 04:13:56 - INFO - 容器内存使用 [推送Redis后]: 2333.65 MB (Δ +50.35 MB)
2026-07-01 04:13:56 - INFO - 本批次内存峰值: 2695.98 MB
2026-07-01 04:13:56 - INFO - 计算完成，共 200000 条结果已批量推送到Redis
2026-07-01 04:13:57 - INFO - 容器内存使用 [回收后基线]: 862.93 MB (Δ -1470.72 MB)
2026-07-01 04:13:57 - INFO - 开始从Redis批量拉取任务
2026-07-01 04:13:59 - INFO - 成功拉取 200000 条任务
2026-07-01 04:13:59 - INFO - 容器内存使用 [拉取任务后]: 860.58 MB
2026-07-01 04:16:49 - INFO - 容器内存使用 [计算完成后]: 2283.37 MB (Δ +1422.79 MB)
2026-07-01 04:16:49 - INFO - 容器内存使用 [推送Redis前]: 2283.37 MB (Δ +0.00 MB)
2026-07-01 04:17:18 - INFO - 容器内存使用 [推送Redis后]: 2334.52 MB (Δ +51.15 MB)
2026-07-01 04:17:18 - INFO - 本批次内存峰值: 2696.48 MB
2026-07-01 04:17:18 - INFO - 计算完成，共 200000 条结果已批量推送到Redis
2026-07-01 04:17:19 - INFO - 容器内存使用 [回收后基线]: 784.22 MB (Δ -1550.30 MB)
2026-07-01 04:17:19 - INFO - 开始从Redis批量拉取任务
2026-07-01 04:17:21 - INFO - 成功拉取 200000 条任务
2026-07-01 04:17:21 - INFO - 容器内存使用 [拉取任务后]: 779.52 MB
2026-07-01 04:20:11 - INFO - 容器内存使用 [计算完成后]: 2210.86 MB (Δ +1431.34 MB)
2026-07-01 04:20:11 - INFO - 容器内存使用 [推送Redis前]: 2210.86 MB (Δ +0.00 MB)
2026-07-01 04:20:39 - INFO - 容器内存使用 [推送Redis后]: 2262.04 MB (Δ +51.18 MB)
2026-07-01 04:20:39 - INFO - 本批次内存峰值: 2694.75 MB
2026-07-01 04:20:39 - INFO - 计算完成，共 200000 条结果已批量推送到Redis
2026-07-01 04:20:40 - INFO - 容器内存使用 [回收后基线]: 786.53 MB (Δ -1475.51 MB)
2026-07-01 04:20:40 - INFO - 开始从Redis批量拉取任务
2026-07-01 04:20:42 - INFO - 成功拉取 200000 条任务
2026-07-01 04:20:42 - INFO - 容器内存使用 [拉取任务后]: 783.27 MB
2026-07-01 04:23:32 - INFO - 容器内存使用 [计算完成后]: 2210.89 MB (Δ +1427.61 MB)
2026-07-01 04:23:32 - INFO - 容器内存使用 [推送Redis前]: 2210.89 MB (Δ +0.00 MB)
2026-07-01 04:24:00 - INFO - 容器内存使用 [推送Redis后]: 2262.75 MB (Δ +51.86 MB)
2026-07-01 04:24:00 - INFO - 本批次内存峰值: 2696.27 MB
2026-07-01 04:24:00 - INFO - 计算完成，共 200000 条结果已批量推送到Redis
2026-07-01 04:24:02 - INFO - 容器内存使用 [回收后基线]: 790.16 MB (Δ -1472.59 MB)
2026-07-01 04:24:02 - INFO - 开始从Redis批量拉取任务
2026-07-01 04:24:03 - INFO - 成功拉取 162647 条任务
2026-07-01 04:24:03 - INFO - 容器内存使用 [拉取任务后]: 787.45 MB
2026-07-01 04:26:21 - INFO - 容器内存使用 [计算完成后]: 1857.67 MB (Δ +1070.22 MB)
2026-07-01 04:26:21 - INFO - 容器内存使用 [推送Redis前]: 1857.67 MB (Δ +0.00 MB)
2026-07-01 04:26:44 - INFO - 容器内存使用 [推送Redis后]: 1905.89 MB (Δ +48.22 MB)
2026-07-01 04:26:44 - INFO - 本批次内存峰值: 2197.23 MB
2026-07-01 04:26:44 - INFO - 计算完成，共 162647 条结果已批量推送到Redis
2026-07-01 04:26:45 - INFO - 容器内存使用 [回收后基线]: 789.65 MB (Δ -1116.24 MB)
2026-07-01 04:26:45 - INFO - 开始从Redis批量拉取任务
2026-07-01 04:26:46 - ERROR - 拉取任务失败: No data
2026-07-01 04:26:46 - INFO - 开始从Redis批量拉取任务
2026-07-01 04:26:47 - ERROR - 拉取任务失败: No data
